// SCOTT.EMP
type Emp struct {
 Empno int `db:"EMPNO"` // type: NUMBER
 Ename string `db:"ENAME"` // type: VARCHAR2
 Job string `db:"JOB"` // type: VARCHAR2
 Mgr int `db:"MGR"` // type: NUMBER
 Hiredate time.Time `db:"HIREDATE"` // type: DATE
 Sal int `db:"SAL"` // type: NUMBER
 Comm int `db:"COMM"` // type: NUMBER
 Deptno int `db:"DEPTNO"` // type: NUMBER
}
